2026-05-11 00:01:53.293530: I tensorflow/core/util/port.cc:113] oneDNN custom operations are on. You may see slightly different numerical results due to floating-point round-off errors from different computation orders. To turn them off, set the environment variable `TF_ENABLE_ONEDNN_OPTS=0`.
2026-05-11 00:01:53.325873: E external/local_xla/xla/stream_executor/cuda/cuda_dnn.cc:9261] Unable to register cuDNN factory: Attempting to register factory for plugin cuDNN when one has already been registered
2026-05-11 00:01:53.325934: E external/local_xla/xla/stream_executor/cuda/cuda_fft.cc:607] Unable to register cuFFT factory: Attempting to register factory for plugin cuFFT when one has already been registered
2026-05-11 00:01:53.327266: E external/local_xla/xla/stream_executor/cuda/cuda_blas.cc:1515] Unable to register cuBLAS factory: Attempting to register factory for plugin cuBLAS when one has already been registered
2026-05-11 00:01:53.333250: I tensorflow/core/platform/cpu_feature_guard.cc:182] This TensorFlow binary is optimized to use available CPU instructions in performance-critical operations.
To enable the following instructions: AVX2 AVX512F AVX512_VNNI AVX512_BF16 FMA, in other operations, rebuild TensorFlow with the appropriate compiler flags.
2026-05-11 00:01:53.815409: W tensorflow/compiler/tf2tensorrt/utils/py_utils.cc:38] TF-TRT Warning: Could not find TensorRT
[robosuite WARNING] No private macro file found! (macros.py:53)
[robosuite WARNING] It is recommended to use a private macro file (macros.py:54)
[robosuite WARNING] To setup, run: python /home/siwon/miniconda3/envs/rdvla_env/lib/python3.10/site-packages/robosuite/scripts/setup_macros.py (macros.py:55)
Gym has been unmaintained since 2022 and does not support NumPy 2.0 amongst other critical functionality.
Please upgrade to Gymnasium, the maintained drop-in replacement of Gym, or contact the authors of your software and request that they upgrade.
Users of this version of Gym should be able to simply replace 'import gym' with 'import gymnasium as gym' in the vast majority of cases.
See the migration guide at https://gymnasium.farama.org/introduction/migration_guide/ for additional information.
2026-05-11 00:01:55.972822: I external/local_xla/xla/stream_executor/cuda/cuda_executor.cc:887] could not open file to read NUMA node: /sys/bus/pci/devices/0000:01:00.0/numa_node
Your kernel may have been built without NUMA support.
2026-05-11 00:01:55.973786: I external/local_xla/xla/stream_executor/cuda/cuda_executor.cc:887] could not open file to read NUMA node: /sys/bus/pci/devices/0000:01:00.0/numa_node
Your kernel may have been built without NUMA support.
2026-05-11 00:01:55.973826: I external/local_xla/xla/stream_executor/cuda/cuda_executor.cc:887] could not open file to read NUMA node: /sys/bus/pci/devices/0000:01:00.0/numa_node
Your kernel may have been built without NUMA support.
Using LIBERO constants:
  NUM_ACTIONS_CHUNK = 8
  ACTION_DIM = 7
  PROPRIO_DIM = 8
  ACTION_PROPRIO_NORMALIZATION_TYPE = bounds_q99
If needed, manually set the correct constants in `prismatic/vla/constants.py`!
Instantiating pretrained VLA policy...
Loaded model: <class 'prismatic.extern.hf.modeling_prismatic.OpenVLAForActionPrediction'>
Auto-detected action head type: ActionHeadRecurrentPro
05/11 [00:02:11] INFO     | >> Logging to local log file: ./experiments/logs/EVAL-libero_spatial-openvla-2026_05_11-00_02_02.txt       run_libero_eval.py:257
[info] using task orders [0, 1, 2, 3, 4, 5, 6, 7, 8, 9]
                 INFO     | >> Task suite: libero_spatial                                                                              run_libero_eval.py:272
                 INFO     | >> Running only task 0                                                                                     run_libero_eval.py:272
  0%|          | 0/1 [00:00<?, ?it/s]                 INFO     | >> Using default initial states                                                                            run_libero_eval.py:272

  0%|          | 0/1 [00:00<?, ?it/s][A05/11 [00:02:13] INFO     | >>                                                                                                         run_libero_eval.py:272
                          Task: pick up the black bowl between the plate and the ramekin and place it on the plate                                           
                 INFO     | >> Starting episode 1...                                                                                   run_libero_eval.py:272
05/11 [00:02:16] INFO     | >>   Action inference latency: 380.21 ms, iters=None                                                       run_libero_eval.py:272
05/11 [00:02:17] INFO     | >>   Action inference latency: 129.61 ms, iters=None                                                       run_libero_eval.py:272
05/11 [00:02:18] INFO     | >>   Action inference latency: 89.19 ms, iters=None                                                        run_libero_eval.py:272
                 INFO     | >>   Action inference latency: 95.74 ms, iters=None                                                        run_libero_eval.py:272
05/11 [00:02:19] INFO     | >>   Action inference latency: 88.19 ms, iters=None                                                        run_libero_eval.py:272
05/11 [00:02:20] INFO     | >>   Action inference latency: 82.30 ms, iters=None                                                        run_libero_eval.py:272
                 INFO     | >>   Action inference latency: 94.26 ms, iters=None                                                        run_libero_eval.py:272
05/11 [00:02:21] INFO     | >>   Action inference latency: 89.96 ms, iters=None                                                        run_libero_eval.py:272
05/11 [00:02:22] INFO     | >>   Action inference latency: 89.55 ms, iters=None                                                        run_libero_eval.py:272
                 INFO     | >>   Action inference latency: 84.25 ms, iters=None                                                        run_libero_eval.py:272
05/11 [00:02:23] INFO     | >>   Action inference latency: 84.31 ms, iters=None                                                        run_libero_eval.py:272
05/11 [00:02:24] INFO     | >>   Action inference latency: 125.58 ms, iters=None                                                       run_libero_eval.py:272
                 INFO     | >>   Action inference latency: 87.22 ms, iters=None                                                        run_libero_eval.py:272
05/11 [00:02:25] INFO     | >>   Action inference latency: 87.81 ms, iters=None                                                        run_libero_eval.py:272
05/11 [00:02:26] INFO     | >>   Action inference latency: 86.59 ms, iters=None                                                        run_libero_eval.py:272
05/11 [00:02:27] INFO     | >>   Action inference latency: 88.84 ms, iters=None                                                        run_libero_eval.py:272
                 INFO     | >>   Action inference latency: 84.52 ms, iters=None                                                        run_libero_eval.py:272
05/11 [00:02:28] INFO     | >>   Action inference latency: 83.32 ms, iters=None                                                        run_libero_eval.py:272
05/11 [00:02:29] INFO     | >>   Action inference latency: 83.88 ms, iters=None                                                        run_libero_eval.py:272
                 INFO     | >>   Action inference latency: 108.99 ms, iters=None                                                       run_libero_eval.py:272
05/11 [00:02:30] INFO     | >>   Action inference latency: 86.42 ms, iters=None                                                        run_libero_eval.py:272
05/11 [00:02:31] INFO     | >>   Action inference latency: 88.42 ms, iters=None                                                        run_libero_eval.py:272
                 INFO     | >>   Action inference latency: 83.76 ms, iters=None                                                        run_libero_eval.py:272
05/11 [00:02:32] INFO     | >>   Action inference latency: 86.80 ms, iters=None                                                        run_libero_eval.py:272
05/11 [00:02:33] INFO     | >>   Action inference latency: 122.07 ms, iters=None                                                       run_libero_eval.py:272
                 INFO     | >>   Action inference latency: 90.56 ms, iters=None                                                        run_libero_eval.py:272
05/11 [00:02:34] INFO     | >>   Action inference latency: 84.48 ms, iters=None                                                        run_libero_eval.py:272
05/11 [00:02:35] INFO     | >>   Action inference latency: 90.71 ms, iters=None                                                        run_libero_eval.py:272
                 INFO     | >>   Action inference latency: 83.11 ms, iters=None                                                        run_libero_eval.py:272
05/11 [00:02:36] INFO     | >>   Action inference latency: 83.09 ms, iters=None                                                        run_libero_eval.py:272
05/11 [00:02:37] INFO     | >>   Action inference latency: 84.86 ms, iters=None                                                        run_libero_eval.py:272
                 INFO     | >>   Action inference latency: 112.29 ms, iters=None                                                       run_libero_eval.py:272
05/11 [00:02:38] INFO     | >>   Action inference latency: 90.41 ms, iters=None                                                        run_libero_eval.py:272
                 INFO     | >>   Action inference latency: 84.80 ms, iters=None                                                        run_libero_eval.py:272
05/11 [00:02:39] INFO     | >>   Action inference latency: 86.44 ms, iters=None                                                        run_libero_eval.py:272
05/11 [00:02:40] INFO     | >>   Action inference latency: 111.31 ms, iters=None                                                       run_libero_eval.py:272
                 INFO     | >>   Action inference latency: 87.96 ms, iters=None                                                        run_libero_eval.py:272
05/11 [00:02:41] INFO     | >>   Action inference latency: 87.86 ms, iters=None                                                        run_libero_eval.py:272
05/11 [00:02:42] INFO     | >>   Action inference latency: 86.69 ms, iters=None                                                        run_libero_eval.py:272
                 INFO     | >>   Action inference latency: 85.34 ms, iters=None                                                        run_libero_eval.py:272
05/11 [00:02:43] INFO     | >>   Action inference latency: 84.59 ms, iters=None                                                        run_libero_eval.py:272
05/11 [00:02:44] INFO     | >>   Action inference latency: 82.17 ms, iters=None                                                        run_libero_eval.py:272
                 INFO     | >>   Action inference latency: 103.70 ms, iters=None                                                       run_libero_eval.py:272
05/11 [00:02:45] INFO     | >>   Action inference latency: 87.37 ms, iters=None                                                        run_libero_eval.py:272
05/11 [00:02:46] INFO     | >>   Action latency summary: 44 preds, avg=98.17 ms, p95=125.05 ms                                         run_libero_eval.py:272
Saved rollout MP4 (with stats) at path ./rollouts/rd-vla/2026_05_11/2026_05_11-00_02_02--episode=1--success=False--task=pick_up_the_black_bowl_between_the_plate_and_the_r.mp4
                 INFO     | >> Success: False                                                                                          run_libero_eval.py:272
                 INFO     | >> # episodes completed so far: 1                                                                          run_libero_eval.py:272
                 INFO     | >> # successes: 0 (0.0%)                                                                                   run_libero_eval.py:272

100%|██████████| 1/1 [00:32<00:00, 32.91s/it][A100%|██████████| 1/1 [00:32<00:00, 32.91s/it]
                 INFO     | >> Current task success rate: 0.0                                                                          run_libero_eval.py:272
                 INFO     | >> Current total success rate: 0.0                                                                         run_libero_eval.py:272
100%|██████████| 1/1 [00:34<00:00, 34.62s/it]100%|██████████| 1/1 [00:34<00:00, 34.62s/it]
                 INFO     | >> Saved JSON results to profiling/results/fixed_rec1.json                                                 run_libero_eval.py:272
                 INFO     | >> Final results:                                                                                          run_libero_eval.py:272
                 INFO     | >> Total episodes: 1                                                                                       run_libero_eval.py:272
                 INFO     | >> Total successes: 0                                                                                      run_libero_eval.py:272
                 INFO     | >> Overall success rate: 0.0000 (0.0%)                                                                     run_libero_eval.py:272
